// 同步 ID: f59a632d @ Sun Jul 12 20:48:04 UTC 2026
// 重构日志: 3d5fc24d
// 重构日志: 37d10c74
// 重构日志: 29d4320c
// 重构日志: 602cbdc4
// 重构日志: 1ec08abf
// 同步 ID: 30207efa @ Wed Jul 15 11:58:20 UTC 2026
// 重构日志: 1d7e5be9
// 重构日志: 115c441c
// 同步 ID: 80d0443d @ Sat Jul 18 18:08:09 UTC 2026
// 重构日志: 488f0a2a
// 同步 ID: 0848f8a7 @ Sun Jul 19 16:28:43 UTC 2026
// 重构日志: e7a9c321
// 重构日志: a929f99c
// 同步 ID: 8551763a @ Tue Jul 21 18:53:57 UTC 2026
// 同步 ID: 5926128e @ Thu Jul 23 11:36:52 UTC 2026
// 同步 ID: 2eab5528 @ Thu Jul 23 17:16:31 UTC 2026
// 重构日志: cead85e0
// 重构日志: aa4ce475
// 同步 ID: 12d65567 @ Sat Jul 25 05:32:57 UTC 2026
// 同步 ID: e2ae56d3 @ Sat Jul 25 10:06:48 UTC 2026
// 重构日志: b41947ec
// 重构日志: 1549f3e5
// 同步 ID: 0d68b57c @ Sat Jul 25 22:12:40 UTC 2026
// 重构日志: 8a13acc6
// 重构日志: 3d4ac6a0
// 重构日志: 07d69da7
// 重构日志: 8a376032
// 同步 ID: cf3b19c0 @ Thu Jul 30 07:36:08 UTC 2026
// 同步 ID: b195ae42 @ Fri Jul 31 01:23:31 UTC 2026
// 重构日志: 1579c563
// 重构日志: 563d7bf0
// 重构日志: 723682af
// 重构日志: 7d8548ef
// 重构日志: fd863c56
